<html>
<body>
<pre>
<h1>µVision Build Log</h1>
<h2>Tool Versions:</h2>
IDE-Version: ¦ÌVision V5.26.2.0
Copyright (C) 2018 ARM Ltd and ARM Germany GmbH. All rights reserved.
License Information: z yyyyyyw, sjtu, LIC=EPPLQ-NP8PU-E0NN4-FYPAT-70GQI-XGN5S
 
Tool Versions:
Toolchain:       MDK-ARM Professional  Version: 5.26.2.0
Toolchain Path:  C:\softwares\tools\MDK-ARM\ARM\ARMCC\Bin
C Compiler:      Armcc.exe V5.06 update 6 (build 750)
Assembler:       Armasm.exe V5.06 update 6 (build 750)
Linker/Locator:  ArmLink.exe V5.06 update 6 (build 750)
Library Manager: ArmAr.exe V5.06 update 6 (build 750)
Hex Converter:   FromElf.exe V5.06 update 6 (build 750)
CPU DLL:         SARMCM3.DLL V5.26.2.0
Dialog DLL:      DCM.DLL V1.17.2.0
Target DLL:      STLink\ST-LINKIII-KEIL_SWO.dll V3.0.5.0
Dialog DLL:      TCM.DLL V1.36.1.0
 
<h2>Project:</h2>
C:\Users\yyyyyyw\TencentOS_E53_IA1\board\TencentOS_tiny_EVB_MX_Plus\KEIL\qcloud_iot_explorer_sdk_data_template2\TencentOS_tiny.uvprojx
Project File Date:  03/31/2020

<h2>Output:</h2>
*** Using Compiler 'V5.06 update 6 (build 750)', folder: 'C:\softwares\tools\MDK-ARM\ARM\ARMCC\Bin'
Build target 'TencentOS_tiny'
compiling HAL_Device_tencentos_tiny.c...
..\..\..\..\components\connectivity\qcloud-iot-explorer-sdk\3rdparty\include\exports\qcloud_iot_export_log.h(94): warning:  #1295-D: Deprecated declaration IOT_Log_Get_Level - give arg types
  LOG_LEVEL IOT_Log_Get_Level();
..\..\..\..\components\connectivity\qcloud-iot-explorer-sdk\3rdparty\include\exports\qcloud_iot_export_log.h(108): warning:  #1295-D: Deprecated declaration IOT_Log_Get_Upload_Level - give arg types
  LOG_LEVEL IOT_Log_Get_Upload_Level();
..\..\..\..\components\connectivity\qcloud-iot-explorer-sdk\port\TencentOS_tiny\HAL_Device_tencentos_tiny.c: 2 warnings, 0 errors
compiling qcloud_iot_hub_sdk_explorer.c...
..\..\..\..\examples\qcloud_iot_explorer_sdk_data_template\qcloud_iot_hub_sdk_explorer.c(51): warning:  #223-D: function "data_template_light_thread" declared implicitly
      data_template_light_thread();
..\..\..\..\examples\qcloud_iot_explorer_sdk_data_template\qcloud_iot_hub_sdk_explorer.c: 1 warning, 0 errors
linking...
Program Size: Code=154896 RO-data=17536 RW-data=756 ZI-data=59052  
FromELF: creating hex file...
".\obj\TencentOS_tiny.axf" - 0 Error(s), 3 Warning(s).

<h2>Software Packages used:</h2>

Package Vendor: ARM
                http://www.keil.com/pack/ARM.CMSIS.5.4.0.pack
                ARM.CMSIS.5.4.0
                CMSIS (Cortex Microcontroller Software Interface Standard)
   * Component: CORE Version: 5.1.2

Package Vendor: Keil
                http://www.keil.com/pack/Keil.STM32L4xx_DFP.2.0.0.pack
                Keil.STM32L4xx_DFP.2.0.0
                STMicroelectronics STM32L4 Series Device Support, Drivers and Examples

<h2>Collection of Component include folders:</h2>
  .\RTE\_TencentOS_tiny
  C:\softwares\tools\MDK-ARM\ARM\PACK\ARM\CMSIS\5.4.0\CMSIS\Core\Include
  C:\softwares\tools\MDK-ARM\ARM\PACK\Keil\STM32L4xx_DFP\2.0.0\Drivers\CMSIS\Device\ST\STM32L4xx\Include

<h2>Collection of Component Files used:</h2>

   * Component: ARM::CMSIS:CORE:5.1.2
Build Time Elapsed:  00:00:04
</pre>
</body>
</html>
